[0m03:22:11.023281 [debug] [MainThread]: Sending event: {'category': 'dbt', 'action': 'invocation', 'label': 'start', 'context': [<snowplow_tracker.self_describing_json.SelfDescribingJson object at 0x0000020CA7988410>, <snowplow_tracker.self_describing_json.SelfDescribingJson object at 0x0000020CA798BE10>, <snowplow_tracker.self_describing_json.SelfDescribingJson object at 0x0000020CA79882D0>]}


============================== 03:22:11.030306 | b180dd1d-affc-40ea-8ba5-05e63064434b ==============================
[0m03:22:11.030306 [info ] [MainThread]: Running with dbt=1.12.3
[0m03:22:11.031283 [debug] [MainThread]: running dbt with arguments {'version_check': 'True', 'no_print': 'None', 'maximum_seed_size_mib': '1', 'target_path': 'None', 'static_parser': 'True', 'warn_error_options': 'WarnErrorOptionsV2(error=[], warn=[], silence=[])', 'printer_width': '80', 'write_json': 'True', 'empty': 'None', 'log_cache_events': 'False', 'introspect': 'True', 'cache_selected_only': 'False', 'fail_fast': 'False', 'debug': 'False', 'log_format': 'default', 'profiles_dir': 'C:\\Users\\Bamidele\\.dbt', 'send_anonymous_usage_stats': 'True', 'quiet': 'False', 'warn_error': 'None', 'partial_parse': 'True', 'invocation_command': 'dbt init', 'hints_enabled': 'True', 'indirect_selection': 'eager', 'use_experimental_parser': 'False', 'use_colors': 'True', 'log_path': 'logs'}
[0m03:22:51.674963 [debug] [MainThread]: Starter project path: C:\Users\Bamidele\Documents\manufact\manufact-dbt\mdbt\Lib\site-packages\dbt\include\starter_project
[0m03:22:51.834889 [info ] [MainThread]: Setting up your profile.
[0m03:22:51.856611 [error] [MainThread]: [[31mERROR[0m]: Encountered an error:
Runtime Error
  No adapters available. Learn how to install an adapter by going to https://docs.getdbt.com/docs/connect-adapters#install-using-the-cli
[0m03:22:51.859313 [debug] [MainThread]: Command `dbt init` failed at 03:22:51.859313 after 41.04 seconds
[0m03:22:51.860932 [debug] [MainThread]: Sending event: {'category': 'dbt', 'action': 'invocation', 'label': 'end', 'context': [<snowplow_tracker.self_describing_json.SelfDescribingJson object at 0x0000020CA7988410>, <snowplow_tracker.self_describing_json.SelfDescribingJson object at 0x0000020CA798BE10>, <snowplow_tracker.self_describing_json.SelfDescribingJson object at 0x0000020CA797B950>]}
[0m03:22:51.862084 [debug] [MainThread]: Flushing usage events
[0m03:22:53.139111 [debug] [MainThread]: An error was encountered while trying to flush usage events
[0m03:59:03.568932 [debug] [MainThread]: Sending event: {'category': 'dbt', 'action': 'invocation', 'label': 'start', 'context': [<snowplow_tracker.self_describing_json.SelfDescribingJson object at 0x000002E34BD6D650>, <snowplow_tracker.self_describing_json.SelfDescribingJson object at 0x000002E34BD6FE10>, <snowplow_tracker.self_describing_json.SelfDescribingJson object at 0x000002E34BD6C490>]}


============================== 03:59:03.577924 | bee6d176-ddc4-4331-a211-fc2c097e4b2a ==============================
[0m03:59:03.577924 [info ] [MainThread]: Running with dbt=1.12.3
[0m03:59:03.579926 [debug] [MainThread]: running dbt with arguments {'static_parser': 'True', 'no_print': 'None', 'version_check': 'True', 'target_path': 'None', 'warn_error_options': 'WarnErrorOptionsV2(error=[], warn=[], silence=[])', 'maximum_seed_size_mib': '1', 'printer_width': '80', 'write_json': 'True', 'empty': 'None', 'log_cache_events': 'False', 'introspect': 'True', 'cache_selected_only': 'False', 'log_format': 'default', 'debug': 'False', 'fail_fast': 'False', 'profiles_dir': 'C:\\Users\\Bamidele\\.dbt', 'send_anonymous_usage_stats': 'True', 'quiet': 'False', 'warn_error': 'None', 'partial_parse': 'True', 'indirect_selection': 'eager', 'hints_enabled': 'True', 'invocation_command': 'dbt init', 'use_experimental_parser': 'False', 'use_colors': 'True', 'log_path': 'logs'}
[0m03:59:16.522179 [debug] [MainThread]: Starter project path: C:\Users\Bamidele\Documents\manufact\manufact-dbt\mdbt\Lib\site-packages\dbt\include\starter_project
[0m03:59:16.611790 [info ] [MainThread]: Setting up your profile.
[0m04:02:18.999166 [info ] [MainThread]: Profile qntproj written to C:\Users\Bamidele\.dbt\profiles.yml using target's profile_template.yml and your supplied values.
[0m04:02:19.011168 [info ] [MainThread]: Running dbt debug to validate the project...
[0m04:02:19.014169 [info ] [MainThread]: dbt version: 1.12.3
[0m04:02:19.016169 [info ] [MainThread]: python version: 3.11.4
[0m04:02:19.018168 [info ] [MainThread]: python path: C:\Users\Bamidele\Documents\manufact\manufact-dbt\mdbt\Scripts\python.exe
[0m04:02:19.020169 [info ] [MainThread]: os info: Windows-10-10.0.19045-SP0
[0m04:02:19.198167 [info ] [MainThread]: Using profiles dir at C:\Users\Bamidele\.dbt
[0m04:02:19.199167 [info ] [MainThread]: Using profiles.yml file at C:\Users\Bamidele\.dbt\profiles.yml
[0m04:02:19.200166 [info ] [MainThread]: Using dbt_project.yml file at C:\Users\Bamidele\Documents\manufact\manufact-dbt\qntproj\dbt_project.yml
[0m04:02:19.202165 [info ] [MainThread]: adapter type: bigquery
[0m04:02:19.203167 [info ] [MainThread]: adapter version: 1.12.0
[0m04:02:19.394208 [info ] [MainThread]: Configuration:
[0m04:02:19.395172 [info ] [MainThread]:   profiles.yml file [[32mOK found and valid[0m]
[0m04:02:19.396188 [info ] [MainThread]:   dbt_project.yml file [[32mOK found and valid[0m]
[0m04:02:19.398188 [info ] [MainThread]: Required dependencies:
[0m04:02:19.399172 [debug] [MainThread]: Executing "git --help"
[0m04:02:19.644226 [debug] [MainThread]: STDOUT: "b"usage: git [-v | --version] [-h | --help] [-C <path>] [-c <name>=<value>]\n           [--exec-path[=<path>]] [--html-path] [--man-path] [--info-path]\n           [-p | --paginate | -P | --no-pager] [--no-replace-objects] [--no-lazy-fetch]\n           [--no-optional-locks] [--no-advice] [--bare] [--git-dir=<path>]\n           [--work-tree=<path>] [--namespace=<name>] [--config-env=<name>=<envvar>]\n           <command> [<args>]\n\nThese are common Git commands used in various situations:\n\nstart a working area (see also: git help tutorial)\n   clone      Clone a repository into a new directory\n   init       Create an empty Git repository or reinitialize an existing one\n\nwork on the current change (see also: git help everyday)\n   add        Add file contents to the index\n   mv         Move or rename a file, a directory, or a symlink\n   restore    Restore working tree files\n   rm         Remove files from the working tree and from the index\n\nexamine the history and state (see also: git help revisions)\n   bisect     Use binary search to find the commit that introduced a bug\n   diff       Show changes between commits, commit and working tree, etc\n   grep       Print lines matching a pattern\n   log        Show commit logs\n   show       Show various types of objects\n   status     Show the working tree status\n\ngrow, mark and tweak your common history\n   backfill   Download missing objects in a partial clone\n   branch     List, create, or delete branches\n   commit     Record changes to the repository\n   merge      Join two or more development histories together\n   rebase     Reapply commits on top of another base tip\n   reset      Reset current HEAD to the specified state\n   switch     Switch branches\n   tag        Create, list, delete or verify a tag object signed with GPG\n\ncollaborate (see also: git help workflows)\n   fetch      Download objects and refs from another repository\n   pull       Fetch from and integrate with another repository or a local branch\n   push       Update remote refs along with associated objects\n\n'git help -a' and 'git help -g' list available subcommands and some\nconcept guides. See 'git help <command>' or 'git help <concept>'\nto read about a specific subcommand or concept.\nSee 'git help git' for an overview of the system.\n""
[0m04:02:19.646228 [debug] [MainThread]: STDERR: "b''"
[0m04:02:19.648230 [info ] [MainThread]:  - git [[32mOK found[0m]

[0m04:02:19.650228 [info ] [MainThread]: Connection:
[0m04:02:19.652231 [info ] [MainThread]:   method: service-account
[0m04:02:19.653231 [info ] [MainThread]:   database: seismic-gecko-487920-t3
[0m04:02:19.655228 [info ] [MainThread]:   execution_project: seismic-gecko-487920-t3
[0m04:02:19.658231 [info ] [MainThread]:   schema: qnt_staging
[0m04:02:19.662233 [info ] [MainThread]:   location: EU
[0m04:02:19.665229 [info ] [MainThread]:   priority: interactive
[0m04:02:19.669231 [info ] [MainThread]:   maximum_bytes_billed: None
[0m04:02:19.671229 [info ] [MainThread]:   reservation: None
[0m04:02:19.677227 [info ] [MainThread]:   impersonate_service_account: None
[0m04:02:19.681230 [info ] [MainThread]:   job_retry_deadline_seconds: None
[0m04:02:19.684228 [info ] [MainThread]:   job_retries: 1
[0m04:02:19.687231 [info ] [MainThread]:   job_creation_timeout_seconds: None
[0m04:02:19.689230 [info ] [MainThread]:   job_execution_timeout_seconds: 360
[0m04:02:19.691228 [info ] [MainThread]:   job_link_info_level_log: False
[0m04:02:19.698227 [info ] [MainThread]:   timeout_seconds: 360
[0m04:02:19.701230 [info ] [MainThread]:   client_id: None
[0m04:02:19.703227 [info ] [MainThread]:   token_uri: None
[0m04:02:19.706228 [info ] [MainThread]:   compute_region: None
[0m04:02:19.708230 [info ] [MainThread]:   dataproc_cluster_name: None
[0m04:02:19.714229 [info ] [MainThread]:   gcs_bucket: None
[0m04:02:19.716229 [info ] [MainThread]:   dataproc_batch: None
[0m04:02:19.719231 [info ] [MainThread]: Registered adapter: bigquery=1.12.0
[0m04:02:20.741044 [debug] [MainThread]: Acquiring new bigquery connection 'debug'
[0m04:02:20.742044 [debug] [MainThread]: On debug: select 1 as id
[0m04:02:20.743048 [debug] [MainThread]: Opening a new connection, currently in state init
[0m04:02:20.745048 [debug] [MainThread]: BigQuery adapter: Got an error when attempting to create a bigquery " "client: '[Errno 22] Invalid argument: '"C:\\Users\\Bamidele\\Downloads\\seismic-gecko-487920-t3-f0c98dd52497.json"''
[0m04:02:20.746047 [debug] [MainThread]: BigQuery adapter: Unhandled error while running:
select 1 as id
[0m04:02:20.747047 [debug] [MainThread]: BigQuery adapter: Database Error
  [Errno 22] Invalid argument: '"C:\\Users\\Bamidele\\Downloads\\seismic-gecko-487920-t3-f0c98dd52497.json"'
[0m04:02:20.748047 [info ] [MainThread]:   Connection test: [[31mERROR[0m]

[0m04:02:20.749057 [info ] [MainThread]: [31m1 check failed:[0m
[0m04:02:20.750047 [info ] [MainThread]: dbt was unable to connect to the specified database.
The database returned the following error:

  >'NoneType' object has no attribute 'close'

Check your database credentials and try again. For more information, visit:
https://docs.getdbt.com/docs/configure-your-profile


[0m04:02:20.752049 [info ] [MainThread]: Your new dbt project "qntproj" was created!
Initialized new project in C:\Users\Bamidele\Documents\manufact\manufact-dbt\qntproj\qntproj

For more information on how to configure the profiles.yml file,
please consult the dbt documentation here:

  https://docs.getdbt.com/docs/configure-your-profile

One more thing:

Need help? Don't hesitate to reach out to us via GitHub issues or on Slack:

  https://community.getdbt.com/

Happy modeling!

[0m04:02:20.753047 [info ] [MainThread]: [31mYour profile may need adjustments. You can find the logs of `dbt debug` above[0m
[0m04:02:20.756052 [debug] [MainThread]: Command `dbt init` succeeded at 04:02:20.756052 after 197.36 seconds
[0m04:02:20.758050 [debug] [MainThread]: Sending event: {'category': 'dbt', 'action': 'invocation', 'label': 'end', 'context': [<snowplow_tracker.self_describing_json.SelfDescribingJson object at 0x000002E343AB5510>, <snowplow_tracker.self_describing_json.SelfDescribingJson object at 0x000002E34BDE2C50>, <snowplow_tracker.self_describing_json.SelfDescribingJson object at 0x000002E34BDE09D0>]}
[0m04:02:20.759048 [debug] [MainThread]: Flushing usage events
[0m04:02:21.845658 [debug] [MainThread]: An error was encountered while trying to flush usage events
[0m04:18:51.192023 [debug] [MainThread]: Sending event: {'category': 'dbt', 'action': 'invocation', 'label': 'start', 'context': [<snowplow_tracker.self_describing_json.SelfDescribingJson object at 0x0000019222F8C310>, <snowplow_tracker.self_describing_json.SelfDescribingJson object at 0x0000019222F8C510>, <snowplow_tracker.self_describing_json.SelfDescribingJson object at 0x0000019222F8D3D0>]}


============================== 04:18:51.198030 | 1c4038dc-f762-4b4b-89e4-ccac421a99c9 ==============================
[0m04:18:51.198030 [info ] [MainThread]: Running with dbt=1.12.3
[0m04:18:51.201029 [debug] [MainThread]: running dbt with arguments {'maximum_seed_size_mib': '1', 'no_print': 'None', 'version_check': 'True', 'warn_error_options': 'WarnErrorOptionsV2(error=[], warn=[], silence=[])', 'static_parser': 'True', 'target_path': 'None', 'printer_width': '80', 'write_json': 'True', 'introspect': 'True', 'log_cache_events': 'False', 'empty': 'None', 'cache_selected_only': 'False', 'log_format': 'default', 'debug': 'False', 'fail_fast': 'False', 'partial_parse': 'True', 'send_anonymous_usage_stats': 'True', 'quiet': 'False', 'warn_error': 'None', 'profiles_dir': 'C:\\Users\\Bamidele\\.dbt', 'invocation_command': 'dbt test --select stg_customers', 'hints_enabled': 'True', 'use_colors': 'True', 'use_experimental_parser': 'False', 'indirect_selection': 'eager', 'log_path': 'logs'}
[0m04:18:51.203030 [error] [MainThread]: [[31mERROR[0m]: Encountered an error:
Runtime Error
  No dbt_project.yml found at expected path C:\Users\Bamidele\Documents\manufact\manufact-dbt\dbt_project.yml
  Verify that each entry within packages.yml (and their transitive dependencies) contains a file named dbt_project.yml
  
[0m04:18:51.205049 [debug] [MainThread]: Command `dbt test` failed at 04:18:51.205049 after 0.21 seconds
[0m04:18:51.206024 [debug] [MainThread]: Sending event: {'category': 'dbt', 'action': 'invocation', 'label': 'end', 'context': [<snowplow_tracker.self_describing_json.SelfDescribingJson object at 0x00000192230243D0>, <snowplow_tracker.self_describing_json.SelfDescribingJson object at 0x000001921AD05750>, <snowplow_tracker.self_describing_json.SelfDescribingJson object at 0x0000019222F7A310>]}
[0m04:18:51.207030 [debug] [MainThread]: Flushing usage events
[0m04:18:52.588002 [debug] [MainThread]: An error was encountered while trying to flush usage events
